------------------------------------------------------------
Timing Analyzer Summary
------------------------------------------------------------

Type  : Slow 1100mV 100C Model Setup 'i_clk'
Slack : -2.987
TNS   : -74.822

Type  : Slow 1100mV 100C Model Hold 'i_clk'
Slack : 0.264
TNS   : 0.000

Type  : Slow 1100mV 100C Model Minimum Pulse Width 'i_clk'
Slack : -0.538
TNS   : -26.710

Type  : Slow 1100mV -40C Model Setup 'i_clk'
Slack : -2.983
TNS   : -74.310

Type  : Slow 1100mV -40C Model Hold 'i_clk'
Slack : 0.245
TNS   : 0.000

Type  : Slow 1100mV -40C Model Minimum Pulse Width 'i_clk'
Slack : -0.538
TNS   : -28.581

Type  : Fast 1100mV 100C Model Setup 'i_clk'
Slack : -1.028
TNS   : -22.456

Type  : Fast 1100mV 100C Model Hold 'i_clk'
Slack : 0.153
TNS   : 0.000

Type  : Fast 1100mV 100C Model Minimum Pulse Width 'i_clk'
Slack : -0.094
TNS   : -3.045

Type  : Fast 1100mV -40C Model Setup 'i_clk'
Slack : -0.789
TNS   : -17.176

Type  : Fast 1100mV -40C Model Hold 'i_clk'
Slack : 0.136
TNS   : 0.000

Type  : Fast 1100mV -40C Model Minimum Pulse Width 'i_clk'
Slack : -0.091
TNS   : -2.989

------------------------------------------------------------
